Collecting fastapi (from -r requirements.txt (line 1))
  Downloading fastapi-0.139.2-py3-none-any.whl.metadata (26 kB)
Collecting bertopic (from -r requirements.txt (line 3))
  Downloading bertopic-0.17.4-py3-none-any.whl.metadata (24 kB)
Collecting sentence-transformers (from -r requirements.txt (line 4))
  Downloading sentence_transformers-5.6.1-py3-none-any.whl.metadata (18 kB)
Collecting transformers==4.57.6 (from -r requirements.txt (line 8))
  Downloading transformers-4.57.6-py3-none-any.whl.metadata (43 kB)
Collecting huggingface_hub==0.36.2 (from -r requirements.txt (line 10))
  Downloading huggingface_hub-0.36.2-py3-none-any.whl.metadata (15 kB)
Collecting tokenizers==0.22.2 (from -r requirements.txt (line 11))
  Using cached tokenizers-0.22.2-cp39-abi3-win_amd64.whl.metadata (7.4 kB)
Collecting torch (from -r requirements.txt (line 12))
  Downloading torch-2.13.0-cp312-cp312-win_amd64.whl.metadata (39 kB)
Collecting supabase (from -r requirements.txt (line 13))
  Downloading supabase-2.31.0-py3-none-any.whl.metadata (4.7 kB)
Collecting python-dotenv (from -r requirements.txt (line 14))
  Using cached python_dotenv-1.2.2-py3-none-any.whl.metadata (27 kB)
Collecting uvicorn[standard] (from -r requirements.txt (line 2))
  Downloading uvicorn-0.51.0-py3-none-any.whl.metadata (6.6 kB)
Collecting filelock (from transformers==4.57.6->-r requirements.txt (line 8))
  Downloading filelock-3.32.0-py3-none-any.whl.metadata (2.0 kB)
Collecting numpy>=1.17 (from transformers==4.57.6->-r requirements.txt (line 8))
  Downloading numpy-2.5.1-cp312-cp312-win_amd64.whl.metadata (6.6 kB)
Collecting packaging>=20.0 (from transformers==4.57.6->-r requirements.txt (line 8))
  Using cached packaging-26.2-py3-none-any.whl.metadata (3.5 kB)
Collecting pyyaml>=5.1 (from transformers==4.57.6->-r requirements.txt (line 8))
  Using cached pyyaml-6.0.3-cp312-cp312-win_amd64.whl.metadata (2.4 kB)
Collecting regex!=2019.12.17 (from transformers==4.57.6->-r requirements.txt (line 8))
  Downloading regex-2026.7.19-cp312-cp312-win_amd64.whl.metadata (41 kB)
Collecting requests (from transformers==4.57.6->-r requirements.txt (line 8))
  Using cached requests-2.34.2-py3-none-any.whl.metadata (4.8 kB)
Collecting safetensors>=0.4.3 (from transformers==4.57.6->-r requirements.txt (line 8))
  Using cached safetensors-0.8.0-cp310-abi3-win_amd64.whl.metadata (4.2 kB)
Collecting tqdm>=4.27 (from transformers==4.57.6->-r requirements.txt (line 8))
  Downloading tqdm-4.69.1-py3-none-any.whl.metadata (57 kB)
Collecting fsspec>=2023.5.0 (from huggingface_hub==0.36.2->-r requirements.txt (line 10))
  Downloading fsspec-2026.6.0-py3-none-any.whl.metadata (10 kB)
Collecting typing-extensions>=3.7.4.3 (from huggingface_hub==0.36.2->-r requirements.txt (line 10))
  Downloading typing_extensions-4.16.0-py3-none-any.whl.metadata (3.3 kB)
Collecting starlette>=0.46.0 (from fastapi->-r requirements.txt (line 1))
  Downloading starlette-1.3.1-py3-none-any.whl.metadata (6.4 kB)
Collecting pydantic>=2.9.0 (from fastapi->-r requirements.txt (line 1))
  Using cached pydantic-2.13.4-py3-none-any.whl.metadata (109 kB)
Collecting typing-inspection>=0.4.2 (from fastapi->-r requirements.txt (line 1))
  Using cached typing_inspection-0.4.2-py3-none-any.whl.metadata (2.6 kB)
Collecting annotated-doc>=0.0.2 (from fastapi->-r requirements.txt (line 1))
  Using cached annotated_doc-0.0.4-py3-none-any.whl.metadata (6.6 kB)
Collecting click>=7.0 (from uvicorn[standard]->-r requirements.txt (line 2))
  Downloading click-8.4.2-py3-none-any.whl.metadata (2.6 kB)
Collecting h11>=0.8 (from uvicorn[standard]->-r requirements.txt (line 2))
  Using cached h11-0.16.0-py3-none-any.whl.metadata (8.3 kB)
Collecting httptools>=0.8.0 (from uvicorn[standard]->-r requirements.txt (line 2))
  Using cached httptools-0.8.0-cp312-cp312-win_amd64.whl.metadata (3.7 kB)
Collecting watchfiles>=0.20 (from uvicorn[standard]->-r requirements.txt (line 2))
  Using cached watchfiles-1.2.0-cp312-cp312-win_amd64.whl.metadata (5.0 kB)
Collecting websockets>=13.0 (from uvicorn[standard]->-r requirements.txt (line 2))
  Downloading websockets-16.1.1-cp312-cp312-win_amd64.whl.metadata (7.0 kB)
Collecting hdbscan>=0.8.29 (from bertopic->-r requirements.txt (line 3))
  Downloading hdbscan-0.8.44-cp312-cp312-win_amd64.whl.metadata (15 kB)
Collecting umap-learn>=0.5.0 (from bertopic->-r requirements.txt (line 3))
  Downloading umap_learn-0.5.12-py3-none-any.whl.metadata (24 kB)
Collecting pandas>=1.1.5 (from bertopic->-r requirements.txt (line 3))
  Downloading pandas-3.0.5-cp312-cp312-win_amd64.whl.metadata (19 kB)
Collecting plotly>=4.7.0 (from bertopic->-r requirements.txt (line 3))
  Downloading plotly-6.9.0-py3-none-any.whl.metadata (9.0 kB)
Collecting scikit-learn>=1.0 (from bertopic->-r requirements.txt (line 3))
  Using cached scikit_learn-1.9.0-cp312-cp312-win_amd64.whl.metadata (11 kB)
Collecting llvmlite>0.36.0 (from bertopic->-r requirements.txt (line 3))
  Downloading llvmlite-0.48.0-cp312-cp312-win_amd64.whl.metadata (5.2 kB)
Collecting scipy>=1.0.0 (from sentence-transformers->-r requirements.txt (line 4))
  Downloading scipy-1.18.0-cp312-cp312-win_amd64.whl.metadata (61 kB)
Collecting setuptools>=77.0.3 (from torch->-r requirements.txt (line 12))
  Downloading setuptools-83.0.0-py3-none-any.whl.metadata (6.6 kB)
Collecting sympy>=1.13.3 (from torch->-r requirements.txt (line 12))
  Using cached sympy-1.14.0-py3-none-any.whl.metadata (12 kB)
Collecting networkx>=2.5.1 (from torch->-r requirements.txt (line 12))
  Using cached networkx-3.6.1-py3-none-any.whl.metadata (6.8 kB)
Collecting jinja2 (from torch->-r requirements.txt (line 12))
  Using cached jinja2-3.1.6-py3-none-any.whl.metadata (2.9 kB)
Collecting realtime==2.31.0 (from supabase->-r requirements.txt (line 13))
  Downloading realtime-2.31.0-py3-none-any.whl.metadata (7.0 kB)
Collecting supabase-functions==2.31.0 (from supabase->-r requirements.txt (line 13))
  Downloading supabase_functions-2.31.0-py3-none-any.whl.metadata (2.4 kB)
Collecting storage3==2.31.0 (from supabase->-r requirements.txt (line 13))
  Downloading storage3-2.31.0-py3-none-any.whl.metadata (2.2 kB)
Collecting supabase-auth==2.31.0 (from supabase->-r requirements.txt (line 13))
  Downloading supabase_auth-2.31.0-py3-none-any.whl.metadata (6.4 kB)
Collecting postgrest==2.31.0 (from supabase->-r requirements.txt (line 13))
  Downloading postgrest-2.31.0-py3-none-any.whl.metadata (3.4 kB)
Collecting httpx<0.29,>=0.26 (from supabase->-r requirements.txt (line 13))
  Using cached httpx-0.28.1-py3-none-any.whl.metadata (7.1 kB)
Collecting yarl>=1.22.0 (from supabase->-r requirements.txt (line 13))
  Downloading yarl-1.24.5-cp312-cp312-win_amd64.whl.metadata (107 kB)
Collecting deprecation>=2.1.0 (from postgrest==2.31.0->supabase->-r requirements.txt (line 13))
  Downloading deprecation-2.1.0-py2.py3-none-any.whl.metadata (4.6 kB)
Collecting websockets>=13.0 (from uvicorn[standard]->-r requirements.txt (line 2))
  Downloading websockets-15.0.1-cp312-cp312-win_amd64.whl.metadata (7.0 kB)
Collecting pyjwt>=2.12.0 (from pyjwt[crypto]>=2.12.0->supabase-auth==2.31.0->supabase->-r requirements.txt (line 13))
  Downloading pyjwt-2.13.0-py3-none-any.whl.metadata (3.4 kB)
Collecting strenum>=0.4.15 (from supabase-functions==2.31.0->supabase->-r requirements.txt (line 13))
  Downloading StrEnum-0.4.15-py3-none-any.whl.metadata (5.3 kB)
Collecting anyio (from httpx<0.29,>=0.26->supabase->-r requirements.txt (line 13))
  Downloading anyio-4.14.2-py3-none-any.whl.metadata (4.6 kB)
Collecting certifi (from httpx<0.29,>=0.26->supabase->-r requirements.txt (line 13))
  Downloading certifi-2026.7.22-py3-none-any.whl.metadata (2.5 kB)
Collecting httpcore==1.* (from httpx<0.29,>=0.26->supabase->-r requirements.txt (line 13))
  Using cached httpcore-1.0.9-py3-none-any.whl.metadata (21 kB)
Collecting idna (from httpx<0.29,>=0.26->supabase->-r requirements.txt (line 13))
  Downloading idna-3.18-py3-none-any.whl.metadata (6.1 kB)
Collecting h2<5,>=3 (from httpx[http2]<0.29,>=0.26->postgrest==2.31.0->supabase->-r requirements.txt (line 13))
  Downloading h2-4.4.0-py3-none-any.whl.metadata (3.8 kB)
Collecting hyperframe<7,>=6.1 (from h2<5,>=3->httpx[http2]<0.29,>=0.26->postgrest==2.31.0->supabase->-r requirements.txt (line 13))
  Downloading hyperframe-6.1.0-py3-none-any.whl.metadata (4.3 kB)
Collecting hpack<5,>=4.2 (from h2<5,>=3->httpx[http2]<0.29,>=0.26->postgrest==2.31.0->supabase->-r requirements.txt (line 13))
  Downloading hpack-4.2.0-py3-none-any.whl.metadata (3.3 kB)
Collecting annotated-types>=0.6.0 (from pydantic>=2.9.0->fastapi->-r requirements.txt (line 1))
  Downloading annotated_types-0.8.0-py3-none-any.whl.metadata (15 kB)
Collecting pydantic-core==2.46.4 (from pydantic>=2.9.0->fastapi->-r requirements.txt (line 1))
  Using cached pydantic_core-2.46.4-cp312-cp312-win_amd64.whl.metadata (6.7 kB)
Collecting colorama (from click>=7.0->uvicorn[standard]->-r requirements.txt (line 2))
  Using cached colorama-0.4.6-py2.py3-none-any.whl.metadata (17 kB)
Collecting joblib>=1.0 (from hdbscan>=0.8.29->bertopic->-r requirements.txt (line 3))
  Using cached joblib-1.5.3-py3-none-any.whl.metadata (5.5 kB)
Collecting python-dateutil>=2.8.2 (from pandas>=1.1.5->bertopic->-r requirements.txt (line 3))
  Using cached python_dateutil-2.9.0.post0-py2.py3-none-any.whl.metadata (8.4 kB)
Collecting tzdata (from pandas>=1.1.5->bertopic->-r requirements.txt (line 3))
  Downloading tzdata-2026.3-py2.py3-none-any.whl.metadata (1.4 kB)
Collecting narwhals>=1.15.1 (from plotly>=4.7.0->bertopic->-r requirements.txt (line 3))
  Downloading narwhals-2.24.0-py3-none-any.whl.metadata (15 kB)
Collecting cryptography>=3.4.0 (from pyjwt[crypto]>=2.12.0->supabase-auth==2.31.0->supabase->-r requirements.txt (line 13))
  Downloading cryptography-49.0.0-cp311-abi3-win_amd64.whl.metadata (4.3 kB)
Collecting cffi>=2.0.0 (from cryptography>=3.4.0->pyjwt[crypto]>=2.12.0->supabase-auth==2.31.0->supabase->-r requirements.txt (line 13))
  Downloading cffi-2.1.0-cp312-cp312-win_amd64.whl.metadata (2.6 kB)
Collecting pycparser (from cffi>=2.0.0->cryptography>=3.4.0->pyjwt[crypto]>=2.12.0->supabase-auth==2.31.0->supabase->-r requirements.txt (line 13))
  Using cached pycparser-3.0-py3-none-any.whl.metadata (8.2 kB)
Collecting six>=1.5 (from python-dateutil>=2.8.2->pandas>=1.1.5->bertopic->-r requirements.txt (line 3))
  Using cached six-1.17.0-py2.py3-none-any.whl.metadata (1.7 kB)
Collecting threadpoolctl>=3.5.0 (from scikit-learn>=1.0->bertopic->-r requirements.txt (line 3))
  Using cached threadpoolctl-3.6.0-py3-none-any.whl.metadata (13 kB)
Collecting mpmath<1.4,>=1.1.0 (from sympy>=1.13.3->torch->-r requirements.txt (line 12))
  Using cached mpmath-1.3.0-py3-none-any.whl.metadata (8.6 kB)
Collecting numba>=0.51.2 (from umap-learn>=0.5.0->bertopic->-r requirements.txt (line 3))
  Downloading numba-0.66.0-cp312-cp312-win_amd64.whl.metadata (2.8 kB)
Collecting pynndescent>=0.5 (from umap-learn>=0.5.0->bertopic->-r requirements.txt (line 3))
  Downloading pynndescent-0.6.0-py3-none-any.whl.metadata (6.9 kB)
Collecting numpy>=1.17 (from transformers==4.57.6->-r requirements.txt (line 8))
  Using cached numpy-2.4.6-cp312-cp312-win_amd64.whl.metadata (6.6 kB)
Collecting multidict>=4.0 (from yarl>=1.22.0->supabase->-r requirements.txt (line 13))
  Using cached multidict-6.7.1-cp312-cp312-win_amd64.whl.metadata (5.5 kB)
Collecting propcache>=0.2.1 (from yarl>=1.22.0->supabase->-r requirements.txt (line 13))
  Using cached propcache-0.5.2-cp312-cp312-win_amd64.whl.metadata (17 kB)
Collecting MarkupSafe>=2.0 (from jinja2->torch->-r requirements.txt (line 12))
  Using cached markupsafe-3.0.3-cp312-cp312-win_amd64.whl.metadata (2.8 kB)
Collecting charset_normalizer<4,>=2 (from requests->transformers==4.57.6->-r requirements.txt (line 8))
  Downloading charset_normalizer-3.4.9-cp312-cp312-win_amd64.whl.metadata (42 kB)
Collecting urllib3<3,>=1.26 (from requests->transformers==4.57.6->-r requirements.txt (line 8))
  Using cached urllib3-2.7.0-py3-none-any.whl.metadata (6.9 kB)
Downloading transformers-4.57.6-py3-none-any.whl (12.0 MB)
   ---------------------------------------- 12.0/12.0 MB 25.8 MB/s  0:00:00
Downloading huggingface_hub-0.36.2-py3-none-any.whl (566 kB)
   ---------------------------------------- 566.4/566.4 kB 6.5 MB/s  0:00:00
Using cached tokenizers-0.22.2-cp39-abi3-win_amd64.whl (2.7 MB)
Downloading fastapi-0.139.2-py3-none-any.whl (130 kB)
Downloading uvicorn-0.51.0-py3-none-any.whl (73 kB)
Downloading bertopic-0.17.4-py3-none-any.whl (154 kB)
Downloading sentence_transformers-5.6.1-py3-none-any.whl (596 kB)
   ---------------------------------------- 596.7/596.7 kB 20.9 MB/s  0:00:00
Downloading torch-2.13.0-cp312-cp312-win_amd64.whl (122.1 MB)
   ---------------------------------------- 122.1/122.1 MB 31.3 MB/s  0:00:03
Downloading supabase-2.31.0-py3-none-any.whl (16 kB)
Downloading postgrest-2.31.0-py3-none-any.whl (23 kB)
Downloading realtime-2.31.0-py3-none-any.whl (22 kB)
Downloading storage3-2.31.0-py3-none-any.whl (28 kB)
Downloading supabase_auth-2.31.0-py3-none-any.whl (48 kB)
Downloading supabase_functions-2.31.0-py3-none-any.whl (8.8 kB)
Using cached httpx-0.28.1-py3-none-any.whl (73 kB)
Using cached httpcore-1.0.9-py3-none-any.whl (78 kB)
Downloading h2-4.4.0-py3-none-any.whl (62 kB)
Downloading hpack-4.2.0-py3-none-any.whl (34 kB)
Downloading hyperframe-6.1.0-py3-none-any.whl (13 kB)
Using cached pydantic-2.13.4-py3-none-any.whl (472 kB)
Using cached pydantic_core-2.46.4-cp312-cp312-win_amd64.whl (2.1 MB)
Downloading websockets-15.0.1-cp312-cp312-win_amd64.whl (176 kB)
Using cached python_dotenv-1.2.2-py3-none-any.whl (22 kB)
Using cached annotated_doc-0.0.4-py3-none-any.whl (5.3 kB)
Downloading annotated_types-0.8.0-py3-none-any.whl (13 kB)
Downloading click-8.4.2-py3-none-any.whl (119 kB)
Downloading deprecation-2.1.0-py2.py3-none-any.whl (11 kB)
Downloading fsspec-2026.6.0-py3-none-any.whl (203 kB)
Using cached h11-0.16.0-py3-none-any.whl (37 kB)
Downloading hdbscan-0.8.44-cp312-cp312-win_amd64.whl (1.9 MB)
   ---------------------------------------- 1.9/1.9 MB 17.9 MB/s  0:00:00
Using cached httptools-0.8.0-cp312-cp312-win_amd64.whl (90 kB)
Using cached joblib-1.5.3-py3-none-any.whl (309 kB)
Downloading llvmlite-0.48.0-cp312-cp312-win_amd64.whl (41.9 MB)
   ---------------------------------------- 41.9/41.9 MB 27.5 MB/s  0:00:01
Using cached networkx-3.6.1-py3-none-any.whl (2.1 MB)
Using cached packaging-26.2-py3-none-any.whl (100 kB)
Downloading pandas-3.0.5-cp312-cp312-win_amd64.whl (9.8 MB)
   ---------------------------------------- 9.8/9.8 MB 13.9 MB/s  0:00:00
Downloading plotly-6.9.0-py3-none-any.whl (9.9 MB)
   ---------------------------------------- 9.9/9.9 MB 13.7 MB/s  0:00:00
Downloading narwhals-2.24.0-py3-none-any.whl (461 kB)
Downloading pyjwt-2.13.0-py3-none-any.whl (31 kB)
Downloading cryptography-49.0.0-cp311-abi3-win_amd64.whl (3.8 MB)
   ---------------------------------------- 3.8/3.8 MB 11.9 MB/s  0:00:00
Downloading cffi-2.1.0-cp312-cp312-win_amd64.whl (185 kB)
Using cached python_dateutil-2.9.0.post0-py2.py3-none-any.whl (229 kB)
Using cached pyyaml-6.0.3-cp312-cp312-win_amd64.whl (154 kB)
Downloading regex-2026.7.19-cp312-cp312-win_amd64.whl (277 kB)
Using cached safetensors-0.8.0-cp310-abi3-win_amd64.whl (355 kB)
Using cached scikit_learn-1.9.0-cp312-cp312-win_amd64.whl (8.2 MB)
Downloading scipy-1.18.0-cp312-cp312-win_amd64.whl (36.6 MB)
   ---------------------------------------- 36.6/36.6 MB 15.8 MB/s  0:00:02
Downloading setuptools-83.0.0-py3-none-any.whl (1.0 MB)
   ---------------------------------------- 1.0/1.0 MB 9.6 MB/s  0:00:00
Using cached six-1.17.0-py2.py3-none-any.whl (11 kB)
Downloading starlette-1.3.1-py3-none-any.whl (73 kB)
Downloading anyio-4.14.2-py3-none-any.whl (125 kB)
Downloading idna-3.18-py3-none-any.whl (65 kB)
Downloading StrEnum-0.4.15-py3-none-any.whl (8.9 kB)
Using cached sympy-1.14.0-py3-none-any.whl (6.3 MB)
Using cached mpmath-1.3.0-py3-none-any.whl (536 kB)
Using cached threadpoolctl-3.6.0-py3-none-any.whl (18 kB)
Downloading tqdm-4.69.1-py3-none-any.whl (675 kB)
   ---------------------------------------- 675.5/675.5 kB 13.3 MB/s  0:00:00
Downloading typing_extensions-4.16.0-py3-none-any.whl (45 kB)
Using cached typing_inspection-0.4.2-py3-none-any.whl (14 kB)
Downloading umap_learn-0.5.12-py3-none-any.whl (91 kB)
Downloading numba-0.66.0-cp312-cp312-win_amd64.whl (2.8 MB)
   ---------------------------------------- 2.8/2.8 MB 20.3 MB/s  0:00:00
Using cached numpy-2.4.6-cp312-cp312-win_amd64.whl (12.3 MB)
Downloading pynndescent-0.6.0-py3-none-any.whl (73 kB)
Using cached watchfiles-1.2.0-cp312-cp312-win_amd64.whl (288 kB)
Downloading yarl-1.24.5-cp312-cp312-win_amd64.whl (97 kB)
Using cached multidict-6.7.1-cp312-cp312-win_amd64.whl (46 kB)
Using cached propcache-0.5.2-cp312-cp312-win_amd64.whl (42 kB)
Downloading certifi-2026.7.22-py3-none-any.whl (136 kB)
Using cached colorama-0.4.6-py2.py3-none-any.whl (25 kB)
Downloading filelock-3.32.0-py3-none-any.whl (97 kB)
Using cached jinja2-3.1.6-py3-none-any.whl (134 kB)
Using cached markupsafe-3.0.3-cp312-cp312-win_amd64.whl (15 kB)
Using cached pycparser-3.0-py3-none-any.whl (48 kB)
Using cached requests-2.34.2-py3-none-any.whl (73 kB)
Downloading charset_normalizer-3.4.9-cp312-cp312-win_amd64.whl (162 kB)
Using cached urllib3-2.7.0-py3-none-any.whl (131 kB)
Downloading tzdata-2026.3-py2.py3-none-any.whl (348 kB)
Installing collected packages: strenum, mpmath, websockets, urllib3, tzdata, typing-extensions, threadpoolctl, sympy, six, setuptools, safetensors, regex, pyyaml, python-dotenv, pyjwt, pycparser, propcache, packaging, numpy, networkx, narwhals, multidict, MarkupSafe, llvmlite, joblib, idna, hyperframe, httptools, hpack, h11, fsspec, filelock, colorama, charset_normalizer, certifi, annotated-types, annotated-doc, yarl, typing-inspection, tqdm, scipy, requests, python-dateutil, pydantic-core, plotly, numba, jinja2, httpcore, h2, deprecation, click, cffi, anyio, watchfiles, uvicorn, torch, starlette, scikit-learn, pydantic, pandas, huggingface_hub, httpx, cryptography, tokenizers, realtime, pynndescent, hdbscan, fastapi, umap-learn, transformers, supabase-functions, supabase-auth, storage3, postgrest, supabase, sentence-transformers, bertopic
ERROR: Could not install packages due to an OSError: [WinError 206] The filename or extension is too long: 'C:\\Users\\Naimisha1d\\Downloads\\summit-project\\suppliersummitappofficial\\nlp-service\\venv\\Lib\\site-packages\\torch-2.13.0.dist-info\\licenses\\third_party\\kineto\\libkineto\\third_party\\dynolog\\third_party\\prometheus-cpp\\3rdparty\\civetweb\\examples\\rest\\cJSON'


